hadoop@ubuntu:~$ pig-0.12.0/bin/pig ScriptQ2.pig
Warning: $HADOOP_HOME is deprecated.

2014-11-22 04:43:09,092 [main] INFO  org.apache.pig.Main - Apache Pig version 0.12.0 (r1529718) compiled Oct 07 2013, 12:20:14
2014-11-22 04:43:09,093 [main] INFO  org.apache.pig.Main - Logging error messages to: /home/hadoop/pig_1416624189090.log
2014-11-22 04:43:09,619 [main] INFO  org.apache.pig.impl.util.Utils - Default bootup file /home/hadoop/.pigbootup not found
2014-11-22 04:43:09,870 [main] INFO  org.apache.pig.backend.hadoop.executionengine.HExecutionEngine - Connecting to hadoop file system at: hdfs://localhost:9000
2014-11-22 04:43:10,229 [main] INFO  org.apache.pig.backend.hadoop.executionengine.HExecutionEngine - Connecting to map-reduce job tracker at: localhost:9001
2014-11-22 04:43:11,018 [main] ERROR org.apache.pig.tools.grunt.Grunt - ERROR 1025:
<file ScriptQ2.pig, line 18, column 40> Invalid field projection. Projected field [list] does not exist in schema: group:long,finalJoinResult:bag{:tuple(writer:int,numberOfPosts:long,degree:long)}.
Details at logfile: /home/hadoop/pig_1416624189090.log
hadoop@ubuntu:~$ vim ScriptQ2.pig
hadoop@ubuntu:~$ pig-0.12.0/bin/pig ScriptQ2.pig
Warning: $HADOOP_HOME is deprecated.

2014-11-22 04:47:33,429 [main] INFO  org.apache.pig.Main - Apache Pig version 0.12.0 (r1529718) compiled Oct 07 2013, 12:20:14
2014-11-22 04:47:33,430 [main] INFO  org.apache.pig.Main - Logging error messages to: /home/hadoop/pig_1416624453428.log
2014-11-22 04:47:33,962 [main] INFO  org.apache.pig.impl.util.Utils - Default bootup file /home/hadoop/.pigbootup not found
2014-11-22 04:47:34,250 [main] INFO  org.apache.pig.backend.hadoop.executionengine.HExecutionEngine - Connecting to hadoop file system at: hdfs://localhost:9000
2014-11-22 04:47:34,575 [main] INFO  org.apache.pig.backend.hadoop.executionengine.HExecutionEngine - Connecting to map-reduce job tracker at: localhost:9001
2014-11-22 04:47:35,291 [main] ERROR org.apache.pig.tools.grunt.Grunt - ERROR 1025:
<file ScriptQ2.pig, line 18, column 54> Invalid field projection. Projected field [numberOfPosts] does not exist in schema: group:long,finalJoinResult:bag{:tuple(writer:int,numberOfPosts:long,degree:long)}.
Details at logfile: /home/hadoop/pig_1416624453428.log
hadoop@ubuntu:~$ vim ScriptQ2.pig
hadoop@ubuntu:~$ pig-0.12.0/bin/pig ScriptQ2.pig
Warning: $HADOOP_HOME is deprecated.

2014-11-22 04:50:31,184 [main] INFO  org.apache.pig.Main - Apache Pig version 0.12.0 (r1529718) compiled Oct 07 2013, 12:20:14
2014-11-22 04:50:31,185 [main] INFO  org.apache.pig.Main - Logging error messages to: /home/hadoop/pig_1416624631182.log
2014-11-22 04:50:31,728 [main] INFO  org.apache.pig.impl.util.Utils - Default bootup file /home/hadoop/.pigbootup not found
2014-11-22 04:50:31,982 [main] INFO  org.apache.pig.backend.hadoop.executionengine.HExecutionEngine - Connecting to hadoop file system at: hdfs://localhost:9000
2014-11-22 04:50:32,342 [main] INFO  org.apache.pig.backend.hadoop.executionengine.HExecutionEngine - Connecting to map-reduce job tracker at: localhost:9001
2014-11-22 04:50:33,193 [main] INFO  org.apache.pig.tools.pigstats.ScriptState - Pig features used in the script: HASH_JOIN,GROUP_BY
2014-11-22 04:50:33,248 [main] INFO  org.apache.pig.newplan.logical.optimizer.LogicalPlanOptimizer - {RULES_ENABLED=[AddForEach, ColumnMapKeyPrune, DuplicateForEachColumnRewrite, GroupByConstParallelSetter, ImplicitSplitInserter, LimitOptimizer, LoadTypeCastInserter, MergeFilter, MergeForEach, NewPartitionFilterOptimizer, PartitionFilterOptimizer, PushDownForEachFlatten, PushUpFilter, SplitFilter, StreamTypeCastInserter], RULES_DISABLED=[FilterLogicExpressionSimplifier]}
2014-11-22 04:50:33,388 [main] INFO  org.apache.pig.backend.hadoop.executionengine.mapReduceLayer.MRCompiler - File concatenation threshold: 100 optimistic? false
2014-11-22 04:50:33,433 [main] INFO  org.apache.pig.backend.hadoop.executionengine.mapReduceLayer.CombinerOptimizer - Choosing to move algebraic foreach to combiner
2014-11-22 04:50:33,444 [main] INFO  org.apache.pig.backend.hadoop.executionengine.mapReduceLayer.CombinerOptimizer - Choosing to move algebraic foreach to combiner
2014-11-22 04:50:33,448 [main] INFO  org.apache.pig.backend.hadoop.executionengine.mapReduceLayer.CombinerOptimizer - Choosing to move algebraic foreach to combiner
2014-11-22 04:50:33,469 [main] INFO  org.apache.pig.backend.hadoop.executionengine.mapReduceLayer.MRCompiler$LastInputStreamingOptimizer - Rewrite: POPackage->POForEach to POJoinPackage
2014-11-22 04:50:33,478 [main] INFO  org.apache.pig.backend.hadoop.executionengine.mapReduceLayer.MultiQueryOptimizer - MR plan size before optimization: 4
2014-11-22 04:50:33,480 [main] INFO  org.apache.pig.backend.hadoop.executionengine.mapReduceLayer.MultiQueryOptimizer - MR plan size after optimization: 4
2014-11-22 04:50:33,615 [main] INFO  org.apache.pig.tools.pigstats.ScriptState - Pig script settings are added to the job
2014-11-22 04:50:33,667 [main] INFO  org.apache.pig.backend.hadoop.executionengine.mapReduceLayer.JobControlCompiler - mapred.job.reduce.markreset.buffer.percent is not set, set to default 0.3
2014-11-22 04:50:33,670 [main] INFO  org.apache.pig.backend.hadoop.executionengine.mapReduceLayer.JobControlCompiler - creating jar file Job357029236147450508.jar
2014-11-22 04:50:37,483 [main] INFO  org.apache.pig.backend.hadoop.executionengine.mapReduceLayer.JobControlCompiler - jar file Job357029236147450508.jar created
2014-11-22 04:50:37,514 [main] INFO  org.apache.pig.backend.hadoop.executionengine.mapReduceLayer.JobControlCompiler - Setting up single store job
2014-11-22 04:50:37,521 [main] INFO  org.apache.pig.data.SchemaTupleFrontend - Key [pig.schematuple] is false, will not generate code.
2014-11-22 04:50:37,522 [main] INFO  org.apache.pig.data.SchemaTupleFrontend - Starting process to move generated code to distributed cache
2014-11-22 04:50:37,523 [main] INFO  org.apache.pig.data.SchemaTupleFrontend - Setting key [pig.schematuple.classes] with classes to deserialize []
2014-11-22 04:50:37,524 [main] INFO  org.apache.pig.backend.hadoop.executionengine.mapReduceLayer.JobControlCompiler - Reduce phase detected, estimating # of required reducers.
2014-11-22 04:50:37,525 [main] INFO  org.apache.pig.backend.hadoop.executionengine.mapReduceLayer.JobControlCompiler - Using reducer estimator: org.apache.pig.backend.hadoop.executionengine.mapReduceLayer.InputSizeReducerEstimator
2014-11-22 04:50:37,526 [main] INFO  org.apache.pig.backend.hadoop.executionengine.mapReduceLayer.InputSizeReducerEstimator - BytesPerReducer=1000000000 maxReducers=999 totalInputFileSize=-1
2014-11-22 04:50:37,527 [main] INFO  org.apache.pig.backend.hadoop.executionengine.mapReduceLayer.JobControlCompiler - Could not estimate number of reducers and no requested or default parallelism set. Defaulting to 1 reducer.
2014-11-22 04:50:37,527 [main] INFO  org.apache.pig.backend.hadoop.executionengine.mapReduceLayer.JobControlCompiler - Setting Parallelism to 1
2014-11-22 04:50:37,616 [main] INFO  org.apache.pig.tools.pigstats.ScriptState - Pig script settings are added to the job
2014-11-22 04:50:37,618 [main] INFO  org.apache.pig.backend.hadoop.executionengine.mapReduceLayer.JobControlCompiler - mapred.job.reduce.markreset.buffer.percent is not set, set to default 0.3
2014-11-22 04:50:37,619 [main] INFO  org.apache.pig.backend.hadoop.executionengine.mapReduceLayer.JobControlCompiler - creating jar file Job8235665686580735529.jar
2014-11-22 04:50:40,823 [main] INFO  org.apache.pig.backend.hadoop.executionengine.mapReduceLayer.JobControlCompiler - jar file Job8235665686580735529.jar created
2014-11-22 04:50:40,840 [main] INFO  org.apache.pig.backend.hadoop.executionengine.mapReduceLayer.JobControlCompiler - Setting up single store job
2014-11-22 04:50:40,841 [main] INFO  org.apache.pig.data.SchemaTupleFrontend - Key [pig.schematuple] is false, will not generate code.
2014-11-22 04:50:40,842 [main] INFO  org.apache.pig.data.SchemaTupleFrontend - Starting process to move generated code to distributed cache
2014-11-22 04:50:40,843 [main] INFO  org.apache.pig.data.SchemaTupleFrontend - Setting key [pig.schematuple.classes] with classes to deserialize []
2014-11-22 04:50:40,843 [main] INFO  org.apache.pig.backend.hadoop.executionengine.mapReduceLayer.JobControlCompiler - Reduce phase detected, estimating # of required reducers.
2014-11-22 04:50:40,844 [main] INFO  org.apache.pig.backend.hadoop.executionengine.mapReduceLayer.JobControlCompiler - Using reducer estimator: org.apache.pig.backend.hadoop.executionengine.mapReduceLayer.InputSizeReducerEstimator
2014-11-22 04:50:40,844 [main] INFO  org.apache.pig.backend.hadoop.executionengine.mapReduceLayer.InputSizeReducerEstimator - BytesPerReducer=1000000000 maxReducers=999 totalInputFileSize=-1
2014-11-22 04:50:40,845 [main] INFO  org.apache.pig.backend.hadoop.executionengine.mapReduceLayer.JobControlCompiler - Could not estimate number of reducers and no requested or default parallelism set. Defaulting to 1 reducer.
2014-11-22 04:50:40,845 [main] INFO  org.apache.pig.backend.hadoop.executionengine.mapReduceLayer.JobControlCompiler - Setting Parallelism to 1
2014-11-22 04:50:40,879 [main] INFO  org.apache.pig.backend.hadoop.executionengine.mapReduceLayer.MapReduceLauncher - 2 map-reduce job(s) waiting for submission.
2014-11-22 04:50:41,321 [JobControl] INFO  org.apache.hadoop.mapreduce.lib.input.FileInputFormat - Total input paths to process : 1
2014-11-22 04:50:41,322 [JobControl] INFO  org.apache.pig.backend.hadoop.executionengine.util.MapRedUtil - Total input paths to process : 1
2014-11-22 04:50:41,370 [JobControl] INFO  org.apache.hadoop.util.NativeCodeLoader - Loaded the native-hadoop library
2014-11-22 04:50:41,371 [JobControl] WARN  org.apache.hadoop.io.compress.snappy.LoadSnappy - Snappy native library not loaded
2014-11-22 04:50:41,374 [JobControl] INFO  org.apache.pig.backend.hadoop.executionengine.util.MapRedUtil - Total input paths (combined) to process : 1
2014-11-22 04:50:41,390 [main] INFO  org.apache.pig.backend.hadoop.executionengine.mapReduceLayer.MapReduceLauncher - 0% complete
2014-11-22 04:50:42,286 [JobControl] INFO  org.apache.hadoop.mapreduce.lib.input.FileInputFormat - Total input paths to process : 1
2014-11-22 04:50:42,288 [JobControl] INFO  org.apache.pig.backend.hadoop.executionengine.util.MapRedUtil - Total input paths to process : 1
2014-11-22 04:50:42,297 [JobControl] INFO  org.apache.pig.backend.hadoop.executionengine.util.MapRedUtil - Total input paths (combined) to process : 1
2014-11-22 04:50:43,229 [main] INFO  org.apache.pig.backend.hadoop.executionengine.mapReduceLayer.MapReduceLauncher - HadoopJobId: job_201411220010_0010
2014-11-22 04:50:43,229 [main] INFO  org.apache.pig.backend.hadoop.executionengine.mapReduceLayer.MapReduceLauncher - Processing aliases A,allDegrees,friendsGroup
2014-11-22 04:50:43,229 [main] INFO  org.apache.pig.backend.hadoop.executionengine.mapReduceLayer.MapReduceLauncher - detailed locations: M: A[1,4],A[-1,-1],allDegrees[6,13],friendsGroup[5,15] C: allDegrees[6,13],friendsGroup[5,15] R: allDegrees[6,13]
2014-11-22 04:50:43,229 [main] INFO  org.apache.pig.backend.hadoop.executionengine.mapReduceLayer.MapReduceLauncher - More information at: http://localhost:50030/jobdetails.jsp?jobid=job_201411220010_0010
2014-11-22 04:50:43,231 [main] INFO  org.apache.pig.backend.hadoop.executionengine.mapReduceLayer.MapReduceLauncher - HadoopJobId: job_201411220010_0011
2014-11-22 04:50:43,232 [main] INFO  org.apache.pig.backend.hadoop.executionengine.mapReduceLayer.MapReduceLauncher - Processing aliases B,groupwallposts,wallPosts
2014-11-22 04:50:43,232 [main] INFO  org.apache.pig.backend.hadoop.executionengine.mapReduceLayer.MapReduceLauncher - detailed locations: M: B[2,4],B[-1,-1],wallPosts[10,12],groupwallposts[9,17] C: wallPosts[10,12],groupwallposts[9,17] R: wallPosts[10,12]
2014-11-22 04:50:43,232 [main] INFO  org.apache.pig.backend.hadoop.executionengine.mapReduceLayer.MapReduceLauncher - More information at: http://localhost:50030/jobdetails.jsp?jobid=job_201411220010_0011
2014-11-22 04:51:06,398 [main] INFO  org.apache.pig.backend.hadoop.executionengine.mapReduceLayer.MapReduceLauncher - 19% complete
2014-11-22 04:51:12,934 [main] INFO  org.apache.pig.backend.hadoop.executionengine.mapReduceLayer.MapReduceLauncher - 25% complete
2014-11-22 04:51:24,018 [main] INFO  org.apache.pig.backend.hadoop.executionengine.mapReduceLayer.MapReduceLauncher - 29% complete
2014-11-22 04:51:25,023 [main] INFO  org.apache.pig.backend.hadoop.executionengine.mapReduceLayer.MapReduceLauncher - 41% complete
2014-11-22 04:51:27,040 [main] INFO  org.apache.pig.backend.hadoop.executionengine.mapReduceLayer.MapReduceLauncher - 46% complete
2014-11-22 04:51:37,892 [main] INFO  org.apache.pig.tools.pigstats.ScriptState - Pig script settings are added to the job
2014-11-22 04:51:37,893 [main] INFO  org.apache.pig.backend.hadoop.executionengine.mapReduceLayer.JobControlCompiler - mapred.job.reduce.markreset.buffer.percent is not set, set to default 0.3
2014-11-22 04:51:37,906 [main] INFO  org.apache.pig.backend.hadoop.executionengine.mapReduceLayer.JobControlCompiler - creating jar file Job3544408128458180308.jar
2014-11-22 04:51:41,229 [main] INFO  org.apache.pig.backend.hadoop.executionengine.mapReduceLayer.JobControlCompiler - jar file Job3544408128458180308.jar created
2014-11-22 04:51:41,260 [main] INFO  org.apache.pig.backend.hadoop.executionengine.mapReduceLayer.JobControlCompiler - Setting up single store job
2014-11-22 04:51:41,265 [main] INFO  org.apache.pig.data.SchemaTupleFrontend - Key [pig.schematuple] is false, will not generate code.
2014-11-22 04:51:41,266 [main] INFO  org.apache.pig.data.SchemaTupleFrontend - Starting process to move generated code to distributed cache
2014-11-22 04:51:41,267 [main] INFO  org.apache.pig.data.SchemaTupleFrontend - Setting key [pig.schematuple.classes] with classes to deserialize []
2014-11-22 04:51:41,267 [main] INFO  org.apache.pig.backend.hadoop.executionengine.mapReduceLayer.JobControlCompiler - Reduce phase detected, estimating # of required reducers.
2014-11-22 04:51:41,267 [main] INFO  org.apache.pig.backend.hadoop.executionengine.mapReduceLayer.JobControlCompiler - Using reducer estimator: org.apache.pig.backend.hadoop.executionengine.mapReduceLayer.InputSizeReducerEstimator
2014-11-22 04:51:41,268 [main] INFO  org.apache.pig.backend.hadoop.executionengine.mapReduceLayer.InputSizeReducerEstimator - BytesPerReducer=1000000000 maxReducers=999 totalInputFileSize=-1
2014-11-22 04:51:41,268 [main] INFO  org.apache.pig.backend.hadoop.executionengine.mapReduceLayer.JobControlCompiler - Could not estimate number of reducers and no requested or default parallelism set. Defaulting to 1 reducer.
2014-11-22 04:51:41,269 [main] INFO  org.apache.pig.backend.hadoop.executionengine.mapReduceLayer.JobControlCompiler - Setting Parallelism to 1
2014-11-22 04:51:41,298 [main] INFO  org.apache.pig.backend.hadoop.executionengine.mapReduceLayer.MapReduceLauncher - 1 map-reduce job(s) waiting for submission.
2014-11-22 04:51:41,540 [JobControl] INFO  org.apache.hadoop.mapreduce.lib.input.FileInputFormat - Total input paths to process : 1
2014-11-22 04:51:41,541 [JobControl] INFO  org.apache.pig.backend.hadoop.executionengine.util.MapRedUtil - Total input paths to process : 1
2014-11-22 04:51:41,544 [JobControl] INFO  org.apache.pig.backend.hadoop.executionengine.util.MapRedUtil - Total input paths (combined) to process : 1
2014-11-22 04:51:41,548 [JobControl] INFO  org.apache.hadoop.mapreduce.lib.input.FileInputFormat - Total input paths to process : 1
2014-11-22 04:51:41,549 [JobControl] INFO  org.apache.pig.backend.hadoop.executionengine.util.MapRedUtil - Total input paths to process : 1
2014-11-22 04:51:41,551 [JobControl] INFO  org.apache.pig.backend.hadoop.executionengine.util.MapRedUtil - Total input paths (combined) to process : 1
2014-11-22 04:51:41,804 [main] INFO  org.apache.pig.backend.hadoop.executionengine.mapReduceLayer.MapReduceLauncher - HadoopJobId: job_201411220010_0012
2014-11-22 04:51:41,804 [main] INFO  org.apache.pig.backend.hadoop.executionengine.mapReduceLayer.MapReduceLauncher - Processing aliases finalJoinResult,joinResult
2014-11-22 04:51:41,805 [main] INFO  org.apache.pig.backend.hadoop.executionengine.mapReduceLayer.MapReduceLauncher - detailed locations: M: joinResult[13,14],joinResult[13,14] C:  R: finalJoinResult[14,18]
2014-11-22 04:51:41,805 [main] INFO  org.apache.pig.backend.hadoop.executionengine.mapReduceLayer.MapReduceLauncher - More information at: http://localhost:50030/jobdetails.jsp?jobid=job_201411220010_0012
2014-11-22 04:51:56,864 [main] INFO  org.apache.pig.backend.hadoop.executionengine.mapReduceLayer.MapReduceLauncher - 56% complete
2014-11-22 04:51:57,366 [main] INFO  org.apache.pig.backend.hadoop.executionengine.mapReduceLayer.MapReduceLauncher - 62% complete
2014-11-22 04:52:05,914 [main] INFO  org.apache.pig.backend.hadoop.executionengine.mapReduceLayer.MapReduceLauncher - 66% complete
2014-11-22 04:52:09,427 [main] INFO  org.apache.pig.backend.hadoop.executionengine.mapReduceLayer.MapReduceLauncher - 75% complete
2014-11-22 04:52:16,975 [main] INFO  org.apache.pig.tools.pigstats.ScriptState - Pig script settings are added to the job
2014-11-22 04:52:16,976 [main] INFO  org.apache.pig.backend.hadoop.executionengine.mapReduceLayer.JobControlCompiler - mapred.job.reduce.markreset.buffer.percent is not set, set to default 0.3
2014-11-22 04:52:16,984 [main] INFO  org.apache.pig.backend.hadoop.executionengine.mapReduceLayer.JobControlCompiler - creating jar file Job1671915695284680035.jar
2014-11-22 04:52:20,118 [main] INFO  org.apache.pig.backend.hadoop.executionengine.mapReduceLayer.JobControlCompiler - jar file Job1671915695284680035.jar created
2014-11-22 04:52:20,135 [main] INFO  org.apache.pig.backend.hadoop.executionengine.mapReduceLayer.JobControlCompiler - Setting up single store job
2014-11-22 04:52:20,142 [main] INFO  org.apache.pig.data.SchemaTupleFrontend - Key [pig.schematuple] is false, will not generate code.
2014-11-22 04:52:20,143 [main] INFO  org.apache.pig.data.SchemaTupleFrontend - Starting process to move generated code to distributed cache
2014-11-22 04:52:20,144 [main] INFO  org.apache.pig.data.SchemaTupleFrontend - Setting key [pig.schematuple.classes] with classes to deserialize []
2014-11-22 04:52:20,144 [main] INFO  org.apache.pig.backend.hadoop.executionengine.mapReduceLayer.JobControlCompiler - Reduce phase detected, estimating # of required reducers.
2014-11-22 04:52:20,145 [main] INFO  org.apache.pig.backend.hadoop.executionengine.mapReduceLayer.JobControlCompiler - Using reducer estimator: org.apache.pig.backend.hadoop.executionengine.mapReduceLayer.InputSizeReducerEstimator
2014-11-22 04:52:20,145 [main] INFO  org.apache.pig.backend.hadoop.executionengine.mapReduceLayer.InputSizeReducerEstimator - BytesPerReducer=1000000000 maxReducers=999 totalInputFileSize=-1
2014-11-22 04:52:20,146 [main] INFO  org.apache.pig.backend.hadoop.executionengine.mapReduceLayer.JobControlCompiler - Could not estimate number of reducers and no requested or default parallelism set. Defaulting to 1 reducer.
2014-11-22 04:52:20,147 [main] INFO  org.apache.pig.backend.hadoop.executionengine.mapReduceLayer.JobControlCompiler - Setting Parallelism to 1
2014-11-22 04:52:20,172 [main] INFO  org.apache.pig.backend.hadoop.executionengine.mapReduceLayer.MapReduceLauncher - 1 map-reduce job(s) waiting for submission.
2014-11-22 04:52:20,356 [JobControl] INFO  org.apache.hadoop.mapreduce.lib.input.FileInputFormat - Total input paths to process : 1
2014-11-22 04:52:20,356 [JobControl] INFO  org.apache.pig.backend.hadoop.executionengine.util.MapRedUtil - Total input paths to process : 1
2014-11-22 04:52:20,359 [JobControl] INFO  org.apache.pig.backend.hadoop.executionengine.util.MapRedUtil - Total input paths (combined) to process : 1
2014-11-22 04:52:20,673 [main] INFO  org.apache.pig.backend.hadoop.executionengine.mapReduceLayer.MapReduceLauncher - HadoopJobId: job_201411220010_0013
2014-11-22 04:52:20,673 [main] INFO  org.apache.pig.backend.hadoop.executionengine.mapReduceLayer.MapReduceLauncher - Processing aliases C,finalResult
2014-11-22 04:52:20,673 [main] INFO  org.apache.pig.backend.hadoop.executionengine.mapReduceLayer.MapReduceLauncher - detailed locations: M: finalResult[18,14],C[17,4] C: finalResult[18,14],C[17,4] R: finalResult[18,14]
2014-11-22 04:52:20,673 [main] INFO  org.apache.pig.backend.hadoop.executionengine.mapReduceLayer.MapReduceLauncher - More information at: http://localhost:50030/jobdetails.jsp?jobid=job_201411220010_0013
2014-11-22 04:52:30,224 [main] INFO  org.apache.pig.backend.hadoop.executionengine.mapReduceLayer.MapReduceLauncher - 87% complete
2014-11-22 04:52:39,262 [main] INFO  org.apache.pig.backend.hadoop.executionengine.mapReduceLayer.MapReduceLauncher - 91% complete
2014-11-22 04:52:45,796 [main] INFO  org.apache.pig.backend.hadoop.executionengine.mapReduceLayer.MapReduceLauncher - 100% complete
2014-11-22 04:52:45,819 [main] INFO  org.apache.pig.tools.pigstats.SimplePigStats - Script Statistics:

HadoopVersion   PigVersion      UserId  StartedAt       FinishedAt      Features
1.2.1   0.12.0  hadoop  2014-11-22 04:50:33     2014-11-22 04:52:45     HASH_JOIN,GROUP_BY

Success!

Job Stats (time in seconds):
JobId   Maps    Reduces MaxMapTime      MinMapTIme      AvgMapTime      MedianMapTime   MaxReduceTime   MinReduceTime       AvgReduceTime   MedianReducetime        Alias   Feature Outputs
job_201411220010_0010   1       1       22      22      22      22      14      14      14      14      A,allDegrees,friendsGroup   GROUP_BY,COMBINER
job_201411220010_0011   1       1       16      16      16      16      16      16      16      16      B,groupwallposts,wallPosts  GROUP_BY,COMBINER
job_201411220010_0012   2       1       11      10      11      11      12      12      12      12      finalJoinResult,joinResult  HASH_JOIN
job_201411220010_0013   1       1       5       5       5       5       10      10      10      10      C,finalResult       GROUP_BY,COMBINER       hdfs://localhost:9000/user/hadoop/question-2-output,

Input(s):
Successfully read 175664 records (1362348 bytes) from: "hdfs://localhost:9000/user/hadoop/user-wall-small.txt.gz"
Successfully read 557940 records (1960941 bytes) from: "hdfs://localhost:9000/user/hadoop/user-links-small.txt.gz"

Output(s):
Successfully stored 163 records (2555 bytes) in: "hdfs://localhost:9000/user/hadoop/question-2-output"

Counters:
Total records written : 163
Total bytes written : 2555
Spillable Memory Manager spill count : 0
Total bags proactively spilled: 0
Total records proactively spilled: 0

Job DAG:
job_201411220010_0011   ->      job_201411220010_0012,
job_201411220010_0010   ->      job_201411220010_0012,
job_201411220010_0012   ->      job_201411220010_0013,
job_201411220010_0013


2014-11-22 04:52:45,855 [main] INFO  org.apache.pig.backend.hadoop.executionengine.mapReduceLayer.MapReduceLauncher - Success!

hadoop@ubuntu:~$ hadoop fs -copyToLocal question-2-output assignment-2/question-2/
Warning: $HADOOP_HOME is deprecated.
